// Jest Snapshot v1, https://jestjs.io/docs/snapshot-testing

exports[`ChatContainer should match snapshot 1`] = `
<cds-aichat-react>
  <div
    slot="aiTooltipAfterDescriptionElement"
  />
  <div
    slot="welcomeNodeBeforeElement"
  />
  <div
    slot="headerBottomElement"
  >
    <div
      data-testid="custom-header"
    >
      Custom Header Content
    </div>
  </div>
  <div
    slot="headerFixedActionsElement"
  />
  <div
    slot="beforeInputElement"
  />
  <div
    slot="afterInputElement"
  />
  <div
    slot="footerElement"
  />
  <div
    slot="homeScreenHeaderBottomElement"
  />
  <div
    slot="homeScreenAfterStartersElement"
  />
  <div
    slot="homeScreenBeforeInputElement"
  />
  <div
    slot="customPanelElement"
  />
  <div
    slot="workspacePanelElement"
  />
</cds-aichat-react>
`;
